[
  {
    "Timestamp": "2015-07-08T23:01:55+00:00",
    "Level": "Information",
    "MessageTemplate": "{cs_method} {time_taken}{sc_status}.{sc_substatus} {cs_uri_stem}  {cs_uri_query}",
    "Properties": {
      "date": "2015-07-08",
      "time": "23:01:55",
      "s_ip": "::1",
      "cs_method": "GET",
      "cs_uri_stem": "/api",
      "cs_uri_query": "-",
      "s_port": "80",
      "cs_username": "-",
      "c_ip": "::1",
      "cs(User_Agent)": "Mozilla/5.0+(Windows+NT+6.3;+WOW64)+AppleWebKit/537.36+(KHTML,+like+Gecko)+Chrome/43.0.2357.130+Safari/537.36",
      "cs(Referer)": "http://localhost:9005/octopus.dev.html?octopus.server=http%3A%2F%2Flocalhost%3A80%2F",
      "sc_status": "404",
      "sc_substatus": "0",
      "sc_win32_status": "2",
      "time_taken": "485"
    },
    "Exception": null
  },
  {
    "Timestamp": "2015-07-08T23:01:57+00:00",
    "Level": "Information",
    "MessageTemplate": "{cs_method} {time_taken}{sc_status}.{sc_substatus} {cs_uri_stem}  {cs_uri_query}",
    "Properties": {
      "date": "2015-07-08",
      "time": "23:01:57",
      "s_ip": "::1",
      "cs_method": "GET",
      "cs_uri_stem": "/api",
      "cs_uri_query": "-",
      "s_port": "80",
      "cs_username": "-",
      "c_ip": "::1",
      "cs(User_Agent)": "Mozilla/5.0+(Windows+NT+6.3;+WOW64)+AppleWebKit/537.36+(KHTML,+like+Gecko)+Chrome/43.0.2357.130+Safari/537.36",
      "cs(Referer)": "http://localhost:9005/octopus.dev.html?octopus.server=http%3A%2F%2Flocalhost%3A80%2F",
      "sc_status": "404",
      "sc_substatus": "0",
      "sc_win32_status": "2",
      "time_taken": "1"
    },
    "Exception": null
  },
  {
    "Timestamp": "2015-07-08T23:01:58+00:00",
    "Level": "Information",
    "MessageTemplate": "{cs_method} {time_taken}{sc_status}.{sc_substatus} {cs_uri_stem}  {cs_uri_query}",
    "Properties": {
      "date": "2015-07-08",
      "time": "23:01:58",
      "s_ip": "::1",
      "cs_method": "GET",
      "cs_uri_stem": "/api",
      "cs_uri_query": "-",
      "s_port": "80",
      "cs_username": "-",
      "c_ip": "::1",
      "cs(User_Agent)": "Mozilla/5.0+(Windows+NT+6.3;+WOW64)+AppleWebKit/537.36+(KHTML,+like+Gecko)+Chrome/43.0.2357.130+Safari/537.36",
      "cs(Referer)": "http://localhost:9005/octopus.dev.html?octopus.server=http%3A%2F%2Flocalhost%3A80%2F",
      "sc_status": "404",
      "sc_substatus": "0",
      "sc_win32_status": "2",
      "time_taken": "12"
    },
    "Exception": null
  },
  {
    "Timestamp": "2015-07-08T23:01:59+00:00",
    "Level": "Information",
    "MessageTemplate": "{cs_method} {time_taken}{sc_status}.{sc_substatus} {cs_uri_stem}  {cs_uri_query}",
    "Properties": {
      "date": "2015-07-08",
      "time": "23:01:59",
      "s_ip": "::1",
      "cs_method": "GET",
      "cs_uri_stem": "/api",
      "cs_uri_query": "-",
      "s_port": "80",
      "cs_username": "-",
      "c_ip": "::1",
      "cs(User_Agent)": "Mozilla/5.0+(Windows+NT+6.3;+WOW64)+AppleWebKit/537.36+(KHTML,+like+Gecko)+Chrome/43.0.2357.130+Safari/537.36",
      "cs(Referer)": "http://localhost:9005/octopus.dev.html?octopus.server=http%3A%2F%2Flocalhost%3A80%2F",
      "sc_status": "404",
      "sc_substatus": "0",
      "sc_win32_status": "2",
      "time_taken": "1"
    },
    "Exception": null
  },
  {
    "Timestamp": "2015-07-08T23:02:00+00:00",
    "Level": "Information",
    "MessageTemplate": "{cs_method} {time_taken}{sc_status}.{sc_substatus} {cs_uri_stem}  {cs_uri_query}",
    "Properties": {
      "date": "2015-07-08",
      "time": "23:02:00",
      "s_ip": "::1",
      "cs_method": "GET",
      "cs_uri_stem": "/api",
      "cs_uri_query": "-",
      "s_port": "80",
      "cs_username": "-",
      "c_ip": "::1",
      "cs(User_Agent)": "Mozilla/5.0+(Windows+NT+6.3;+WOW64)+AppleWebKit/537.36+(KHTML,+like+Gecko)+Chrome/43.0.2357.130+Safari/537.36",
      "cs(Referer)": "http://localhost:9005/octopus.dev.html?octopus.server=http%3A%2F%2Flocalhost%3A80%2F",
      "sc_status": "404",
      "sc_substatus": "0",
      "sc_win32_status": "2",
      "time_taken": "1"
    },
    "Exception": null
  },
  {
    "Timestamp": "2015-07-08T23:02:01+00:00",
    "Level": "Information",
    "MessageTemplate": "{cs_method} {time_taken}{sc_status}.{sc_substatus} {cs_uri_stem}  {cs_uri_query}",
    "Properties": {
      "date": "2015-07-08",
      "time": "23:02:01",
      "s_ip": "::1",
      "cs_method": "GET",
      "cs_uri_stem": "/api",
      "cs_uri_query": "-",
      "s_port": "80",
      "cs_username": "-",
      "c_ip": "::1",
      "cs(User_Agent)": "Mozilla/5.0+(Windows+NT+6.3;+WOW64)+AppleWebKit/537.36+(KHTML,+like+Gecko)+Chrome/43.0.2357.130+Safari/537.36",
      "cs(Referer)": "http://localhost:9005/octopus.dev.html?octopus.server=http%3A%2F%2Flocalhost%3A80%2F",
      "sc_status": "404",
      "sc_substatus": "0",
      "sc_win32_status": "2",
      "time_taken": "3"
    },
    "Exception": null
  },
  {
    "Timestamp": "2015-07-08T23:02:02+00:00",
    "Level": "Information",
    "MessageTemplate": "{cs_method} {time_taken}{sc_status}.{sc_substatus} {cs_uri_stem}  {cs_uri_query}",
    "Properties": {
      "date": "2015-07-08",
      "time": "23:02:02",
      "s_ip": "::1",
      "cs_method": "GET",
      "cs_uri_stem": "/api",
      "cs_uri_query": "-",
      "s_port": "80",
      "cs_username": "-",
      "c_ip": "::1",
      "cs(User_Agent)": "Mozilla/5.0+(Windows+NT+6.3;+WOW64)+AppleWebKit/537.36+(KHTML,+like+Gecko)+Chrome/43.0.2357.130+Safari/537.36",
      "cs(Referer)": "http://localhost:9005/octopus.dev.html?octopus.server=http%3A%2F%2Flocalhost%3A80%2F",
      "sc_status": "404",
      "sc_substatus": "0",
      "sc_win32_status": "2",
      "time_taken": "2"
    },
    "Exception": null
  },
  {
    "Timestamp": "2015-07-08T23:02:03+00:00",
    "Level": "Information",
    "MessageTemplate": "{cs_method} {time_taken}{sc_status}.{sc_substatus} {cs_uri_stem}  {cs_uri_query}",
    "Properties": {
      "date": "2015-07-08",
      "time": "23:02:03",
      "s_ip": "::1",
      "cs_method": "GET",
      "cs_uri_stem": "/api",
      "cs_uri_query": "-",
      "s_port": "80",
      "cs_username": "-",
      "c_ip": "::1",
      "cs(User_Agent)": "Mozilla/5.0+(Windows+NT+6.3;+WOW64)+AppleWebKit/537.36+(KHTML,+like+Gecko)+Chrome/43.0.2357.130+Safari/537.36",
      "cs(Referer)": "http://localhost:9005/octopus.dev.html?octopus.server=http%3A%2F%2Flocalhost%3A80%2F",
      "sc_status": "404",
      "sc_substatus": "0",
      "sc_win32_status": "2",
      "time_taken": "1"
    },
    "Exception": null
  },
  {
    "Timestamp": "2015-07-08T23:02:04+00:00",
    "Level": "Information",
    "MessageTemplate": "{cs_method} {time_taken}{sc_status}.{sc_substatus} {cs_uri_stem}  {cs_uri_query}",
    "Properties": {
      "date": "2015-07-08",
      "time": "23:02:04",
      "s_ip": "::1",
      "cs_method": "GET",
      "cs_uri_stem": "/api",
      "cs_uri_query": "-",
      "s_port": "80",
      "cs_username": "-",
      "c_ip": "::1",
      "cs(User_Agent)": "Mozilla/5.0+(Windows+NT+6.3;+WOW64)+AppleWebKit/537.36+(KHTML,+like+Gecko)+Chrome/43.0.2357.130+Safari/537.36",
      "cs(Referer)": "http://localhost:9005/octopus.dev.html?octopus.server=http%3A%2F%2Flocalhost%3A80%2F",
      "sc_status": "404",
      "sc_substatus": "0",
      "sc_win32_status": "2",
      "time_taken": "0"
    },
    "Exception": null
  },
  {
    "Timestamp": "2015-07-08T23:02:05+00:00",
    "Level": "Information",
    "MessageTemplate": "{cs_method} {time_taken}{sc_status}.{sc_substatus} {cs_uri_stem}  {cs_uri_query}",
    "Properties": {
      "date": "2015-07-08",
      "time": "23:02:05",
      "s_ip": "::1",
      "cs_method": "GET",
      "cs_uri_stem": "/api",
      "cs_uri_query": "-",
      "s_port": "80",
      "cs_username": "-",
      "c_ip": "::1",
      "cs(User_Agent)": "Mozilla/5.0+(Windows+NT+6.3;+WOW64)+AppleWebKit/537.36+(KHTML,+like+Gecko)+Chrome/43.0.2357.130+Safari/537.36",
      "cs(Referer)": "http://localhost:9005/octopus.dev.html?octopus.server=http%3A%2F%2Flocalhost%3A80%2F",
      "sc_status": "404",
      "sc_substatus": "0",
      "sc_win32_status": "2",
      "time_taken": "1"
    },
    "Exception": null
  },
  {
    "Timestamp": "2015-07-08T23:02:06+00:00",
    "Level": "Information",
    "MessageTemplate": "{cs_method} {time_taken}{sc_status}.{sc_substatus} {cs_uri_stem}  {cs_uri_query}",
    "Properties": {
      "date": "2015-07-08",
      "time": "23:02:06",
      "s_ip": "::1",
      "cs_method": "GET",
      "cs_uri_stem": "/api",
      "cs_uri_query": "-",
      "s_port": "80",
      "cs_username": "-",
      "c_ip": "::1",
      "cs(User_Agent)": "Mozilla/5.0+(Windows+NT+6.3;+WOW64)+AppleWebKit/537.36+(KHTML,+like+Gecko)+Chrome/43.0.2357.130+Safari/537.36",
      "cs(Referer)": "http://localhost:9005/octopus.dev.html?octopus.server=http%3A%2F%2Flocalhost%3A80%2F",
      "sc_status": "404",
      "sc_substatus": "0",
      "sc_win32_status": "2",
      "time_taken": "1"
    },
    "Exception": null
  },
  {
    "Timestamp": "2015-07-08T23:02:07+00:00",
    "Level": "Information",
    "MessageTemplate": "{cs_method} {time_taken}{sc_status}.{sc_substatus} {cs_uri_stem}  {cs_uri_query}",
    "Properties": {
      "date": "2015-07-08",
      "time": "23:02:07",
      "s_ip": "::1",
      "cs_method": "GET",
      "cs_uri_stem": "/api",
      "cs_uri_query": "-",
      "s_port": "80",
      "cs_username": "-",
      "c_ip": "::1",
      "cs(User_Agent)": "Mozilla/5.0+(Windows+NT+6.3;+WOW64)+AppleWebKit/537.36+(KHTML,+like+Gecko)+Chrome/43.0.2357.130+Safari/537.36",
      "cs(Referer)": "http://localhost:9005/octopus.dev.html?octopus.server=http%3A%2F%2Flocalhost%3A80%2F",
      "sc_status": "404",
      "sc_substatus": "0",
      "sc_win32_status": "2",
      "time_taken": "1"
    },
    "Exception": null
  },
  {
    "Timestamp": "2015-07-08T23:02:08+00:00",
    "Level": "Information",
    "MessageTemplate": "{cs_method} {time_taken}{sc_status}.{sc_substatus} {cs_uri_stem}  {cs_uri_query}",
    "Properties": {
      "date": "2015-07-08",
      "time": "23:02:08",
      "s_ip": "::1",
      "cs_method": "GET",
      "cs_uri_stem": "/api",
      "cs_uri_query": "-",
      "s_port": "80",
      "cs_username": "-",
      "c_ip": "::1",
      "cs(User_Agent)": "Mozilla/5.0+(Windows+NT+6.3;+WOW64)+AppleWebKit/537.36+(KHTML,+like+Gecko)+Chrome/43.0.2357.130+Safari/537.36",
      "cs(Referer)": "http://localhost:9005/octopus.dev.html?octopus.server=http%3A%2F%2Flocalhost%3A80%2F",
      "sc_status": "404",
      "sc_substatus": "0",
      "sc_win32_status": "2",
      "time_taken": "1"
    },
    "Exception": null
  },
  {
    "Timestamp": "2015-07-08T23:02:09+00:00",
    "Level": "Information",
    "MessageTemplate": "{cs_method} {time_taken}{sc_status}.{sc_substatus} {cs_uri_stem}  {cs_uri_query}",
    "Properties": {
      "date": "2015-07-08",
      "time": "23:02:09",
      "s_ip": "::1",
      "cs_method": "GET",
      "cs_uri_stem": "/api",
      "cs_uri_query": "-",
      "s_port": "80",
      "cs_username": "-",
      "c_ip": "::1",
      "cs(User_Agent)": "Mozilla/5.0+(Windows+NT+6.3;+WOW64)+AppleWebKit/537.36+(KHTML,+like+Gecko)+Chrome/43.0.2357.130+Safari/537.36",
      "cs(Referer)": "http://localhost:9005/octopus.dev.html?octopus.server=http%3A%2F%2Flocalhost%3A80%2F",
      "sc_status": "404",
      "sc_substatus": "0",
      "sc_win32_status": "2",
      "time_taken": "3"
    },
    "Exception": null
  },
  {
    "Timestamp": "2015-07-08T23:02:10+00:00",
    "Level": "Information",
    "MessageTemplate": "{cs_method} {time_taken}{sc_status}.{sc_substatus} {cs_uri_stem}  {cs_uri_query}",
    "Properties": {
      "date": "2015-07-08",
      "time": "23:02:10",
      "s_ip": "::1",
      "cs_method": "GET",
      "cs_uri_stem": "/api",
      "cs_uri_query": "-",
      "s_port": "80",
      "cs_username": "-",
      "c_ip": "::1",
      "cs(User_Agent)": "Mozilla/5.0+(Windows+NT+6.3;+WOW64)+AppleWebKit/537.36+(KHTML,+like+Gecko)+Chrome/43.0.2357.130+Safari/537.36",
      "cs(Referer)": "http://localhost:9005/octopus.dev.html?octopus.server=http%3A%2F%2Flocalhost%3A80%2F",
      "sc_status": "404",
      "sc_substatus": "0",
      "sc_win32_status": "2",
      "time_taken": "1"
    },
    "Exception": null
  },
  {
    "Timestamp": "2015-07-08T23:02:11+00:00",
    "Level": "Information",
    "MessageTemplate": "{cs_method} {time_taken}{sc_status}.{sc_substatus} {cs_uri_stem}  {cs_uri_query}",
    "Properties": {
      "date": "2015-07-08",
      "time": "23:02:11",
      "s_ip": "::1",
      "cs_method": "GET",
      "cs_uri_stem": "/api",
      "cs_uri_query": "-",
      "s_port": "80",
      "cs_username": "-",
      "c_ip": "::1",
      "cs(User_Agent)": "Mozilla/5.0+(Windows+NT+6.3;+WOW64)+AppleWebKit/537.36+(KHTML,+like+Gecko)+Chrome/43.0.2357.130+Safari/537.36",
      "cs(Referer)": "http://localhost:9005/octopus.dev.html?octopus.server=http%3A%2F%2Flocalhost%3A80%2F",
      "sc_status": "404",
      "sc_substatus": "0",
      "sc_win32_status": "2",
      "time_taken": "0"
    },
    "Exception": null
  },
  {
    "Timestamp": "2015-07-08T23:02:12+00:00",
    "Level": "Information",
    "MessageTemplate": "{cs_method} {time_taken}{sc_status}.{sc_substatus} {cs_uri_stem}  {cs_uri_query}",
    "Properties": {
      "date": "2015-07-08",
      "time": "23:02:12",
      "s_ip": "::1",
      "cs_method": "GET",
      "cs_uri_stem": "/api",
      "cs_uri_query": "-",
      "s_port": "80",
      "cs_username": "-",
      "c_ip": "::1",
      "cs(User_Agent)": "Mozilla/5.0+(Windows+NT+6.3;+WOW64)+AppleWebKit/537.36+(KHTML,+like+Gecko)+Chrome/43.0.2357.130+Safari/537.36",
      "cs(Referer)": "http://localhost:9005/octopus.dev.html?octopus.server=http%3A%2F%2Flocalhost%3A80%2F",
      "sc_status": "404",
      "sc_substatus": "0",
      "sc_win32_status": "2",
      "time_taken": "2"
    },
    "Exception": null
  },
  {
    "Timestamp": "2015-07-08T23:02:13+00:00",
    "Level": "Information",
    "MessageTemplate": "{cs_method} {time_taken}{sc_status}.{sc_substatus} {cs_uri_stem}  {cs_uri_query}",
    "Properties": {
      "date": "2015-07-08",
      "time": "23:02:13",
      "s_ip": "::1",
      "cs_method": "GET",
      "cs_uri_stem": "/api",
      "cs_uri_query": "-",
      "s_port": "80",
      "cs_username": "-",
      "c_ip": "::1",
      "cs(User_Agent)": "Mozilla/5.0+(Windows+NT+6.3;+WOW64)+AppleWebKit/537.36+(KHTML,+like+Gecko)+Chrome/43.0.2357.130+Safari/537.36",
      "cs(Referer)": "http://localhost:9005/octopus.dev.html?octopus.server=http%3A%2F%2Flocalhost%3A80%2F",
      "sc_status": "404",
      "sc_substatus": "0",
      "sc_win32_status": "2",
      "time_taken": "2"
    },
    "Exception": null
  },
  {
    "Timestamp": "2015-07-08T23:02:14+00:00",
    "Level": "Information",
    "MessageTemplate": "{cs_method} {time_taken}{sc_status}.{sc_substatus} {cs_uri_stem}  {cs_uri_query}",
    "Properties": {
      "date": "2015-07-08",
      "time": "23:02:14",
      "s_ip": "::1",
      "cs_method": "GET",
      "cs_uri_stem": "/api",
      "cs_uri_query": "-",
      "s_port": "80",
      "cs_username": "-",
      "c_ip": "::1",
      "cs(User_Agent)": "Mozilla/5.0+(Windows+NT+6.3;+WOW64)+AppleWebKit/537.36+(KHTML,+like+Gecko)+Chrome/43.0.2357.130+Safari/537.36",
      "cs(Referer)": "http://localhost:9005/octopus.dev.html?octopus.server=http%3A%2F%2Flocalhost%3A80%2F",
      "sc_status": "404",
      "sc_substatus": "0",
      "sc_win32_status": "2",
      "time_taken": "1"
    },
    "Exception": null
  },
  {
    "Timestamp": "2015-07-08T23:02:15+00:00",
    "Level": "Information",
    "MessageTemplate": "{cs_method} {time_taken}{sc_status}.{sc_substatus} {cs_uri_stem}  {cs_uri_query}",
    "Properties": {
      "date": "2015-07-08",
      "time": "23:02:15",
      "s_ip": "::1",
      "cs_method": "GET",
      "cs_uri_stem": "/api",
      "cs_uri_query": "-",
      "s_port": "80",
      "cs_username": "-",
      "c_ip": "::1",
      "cs(User_Agent)": "Mozilla/5.0+(Windows+NT+6.3;+WOW64)+AppleWebKit/537.36+(KHTML,+like+Gecko)+Chrome/43.0.2357.130+Safari/537.36",
      "cs(Referer)": "http://localhost:9005/octopus.dev.html?octopus.server=http%3A%2F%2Flocalhost%3A80%2F",
      "sc_status": "404",
      "sc_substatus": "0",
      "sc_win32_status": "2",
      "time_taken": "2"
    },
    "Exception": null
  },
  {
    "Timestamp": "2015-07-08T23:15:37+00:00",
    "Level": "Information",
    "MessageTemplate": "{cs_method} {time_taken}{sc_status}.{sc_substatus} {cs_uri_stem}  {cs_uri_query}",
    "Properties": {
      "date": "2015-07-08",
      "time": "23:15:37",
      "s_ip": "::1",
      "cs_method": "GET",
      "cs_uri_stem": "/api/dashboard",
      "cs_uri_query": "-",
      "s_port": "80",
      "cs_username": "-",
      "c_ip": "::1",
      "cs(User_Agent)": "Mozilla/5.0+(Windows+NT+6.3;+WOW64)+AppleWebKit/537.36+(KHTML,+like+Gecko)+Chrome/43.0.2357.130+Safari/537.36",
      "cs(Referer)": "http://localhost:9005/octopus.dev.html?octopus.server=http%3A%2F%2Flocalhost%3A80%2F",
      "sc_status": "404",
      "sc_substatus": "0",
      "sc_win32_status": "2",
      "time_taken": "2"
    },
    "Exception": null
  },
  {
    "Timestamp": "2015-07-08T23:16:37+00:00",
    "Level": "Information",
    "MessageTemplate": "{cs_method} {time_taken}{sc_status}.{sc_substatus} {cs_uri_stem}  {cs_uri_query}",
    "Properties": {
      "date": "2015-07-08",
      "time": "23:16:37",
      "s_ip": "::1",
      "cs_method": "GET",
      "cs_uri_stem": "/api/dashboard",
      "cs_uri_query": "-",
      "s_port": "80",
      "cs_username": "-",
      "c_ip": "::1",
      "cs(User_Agent)": "Mozilla/5.0+(Windows+NT+6.3;+WOW64)+AppleWebKit/537.36+(KHTML,+like+Gecko)+Chrome/43.0.2357.130+Safari/537.36",
      "cs(Referer)": "http://localhost:9005/octopus.dev.html?octopus.server=http%3A%2F%2Flocalhost%3A80%2F",
      "sc_status": "404",
      "sc_substatus": "0",
      "sc_win32_status": "2",
      "time_taken": "3"
    },
    "Exception": null
  },
  {
    "Timestamp": "2015-07-08T23:17:37+00:00",
    "Level": "Information",
    "MessageTemplate": "{cs_method} {time_taken}{sc_status}.{sc_substatus} {cs_uri_stem}  {cs_uri_query}",
    "Properties": {
      "date": "2015-07-08",
      "time": "23:17:37",
      "s_ip": "::1",
      "cs_method": "GET",
      "cs_uri_stem": "/api/dashboard",
      "cs_uri_query": "-",
      "s_port": "80",
      "cs_username": "-",
      "c_ip": "::1",
      "cs(User_Agent)": "Mozilla/5.0+(Windows+NT+6.3;+WOW64)+AppleWebKit/537.36+(KHTML,+like+Gecko)+Chrome/43.0.2357.130+Safari/537.36",
      "cs(Referer)": "http://localhost:9005/octopus.dev.html?octopus.server=http%3A%2F%2Flocalhost%3A80%2F",
      "sc_status": "404",
      "sc_substatus": "0",
      "sc_win32_status": "2",
      "time_taken": "2"
    },
    "Exception": null
  },
  {
    "Timestamp": "2015-07-08T23:18:37+00:00",
    "Level": "Information",
    "MessageTemplate": "{cs_method} {time_taken}{sc_status}.{sc_substatus} {cs_uri_stem}  {cs_uri_query}",
    "Properties": {
      "date": "2015-07-08",
      "time": "23:18:37",
      "s_ip": "::1",
      "cs_method": "GET",
      "cs_uri_stem": "/api/dashboard",
      "cs_uri_query": "-",
      "s_port": "80",
      "cs_username": "-",
      "c_ip": "::1",
      "cs(User_Agent)": "Mozilla/5.0+(Windows+NT+6.3;+WOW64)+AppleWebKit/537.36+(KHTML,+like+Gecko)+Chrome/43.0.2357.130+Safari/537.36",
      "cs(Referer)": "http://localhost:9005/octopus.dev.html?octopus.server=http%3A%2F%2Flocalhost%3A80%2F",
      "sc_status": "404",
      "sc_substatus": "0",
      "sc_win32_status": "2",
      "time_taken": "2"
    },
    "Exception": null
  },
  {
    "Timestamp": "2015-07-08T23:19:37+00:00",
    "Level": "Information",
    "MessageTemplate": "{cs_method} {time_taken}{sc_status}.{sc_substatus} {cs_uri_stem}  {cs_uri_query}",
    "Properties": {
      "date": "2015-07-08",
      "time": "23:19:37",
      "s_ip": "::1",
      "cs_method": "GET",
      "cs_uri_stem": "/api/dashboard",
      "cs_uri_query": "-",
      "s_port": "80",
      "cs_username": "-",
      "c_ip": "::1",
      "cs(User_Agent)": "Mozilla/5.0+(Windows+NT+6.3;+WOW64)+AppleWebKit/537.36+(KHTML,+like+Gecko)+Chrome/43.0.2357.130+Safari/537.36",
      "cs(Referer)": "http://localhost:9005/octopus.dev.html?octopus.server=http%3A%2F%2Flocalhost%3A80%2F",
      "sc_status": "404",
      "sc_substatus": "0",
      "sc_win32_status": "2",
      "time_taken": "2"
    },
    "Exception": null
  },
  {
    "Timestamp": "2015-07-08T23:20:37+00:00",
    "Level": "Information",
    "MessageTemplate": "{cs_method} {time_taken}{sc_status}.{sc_substatus} {cs_uri_stem}  {cs_uri_query}",
    "Properties": {
      "date": "2015-07-08",
      "time": "23:20:37",
      "s_ip": "::1",
      "cs_method": "GET",
      "cs_uri_stem": "/api/dashboard",
      "cs_uri_query": "-",
      "s_port": "80",
      "cs_username": "-",
      "c_ip": "::1",
      "cs(User_Agent)": "Mozilla/5.0+(Windows+NT+6.3;+WOW64)+AppleWebKit/537.36+(KHTML,+like+Gecko)+Chrome/43.0.2357.130+Safari/537.36",
      "cs(Referer)": "http://localhost:9005/octopus.dev.html?octopus.server=http%3A%2F%2Flocalhost%3A80%2F",
      "sc_status": "404",
      "sc_substatus": "0",
      "sc_win32_status": "2",
      "time_taken": "0"
    },
    "Exception": null
  },
  {
    "Timestamp": "2015-07-08T23:21:37+00:00",
    "Level": "Information",
    "MessageTemplate": "{cs_method} {time_taken}{sc_status}.{sc_substatus} {cs_uri_stem}  {cs_uri_query}",
    "Properties": {
      "date": "2015-07-08",
      "time": "23:21:37",
      "s_ip": "::1",
      "cs_method": "GET",
      "cs_uri_stem": "/api/dashboard",
      "cs_uri_query": "-",
      "s_port": "80",
      "cs_username": "-",
      "c_ip": "::1",
      "cs(User_Agent)": "Mozilla/5.0+(Windows+NT+6.3;+WOW64)+AppleWebKit/537.36+(KHTML,+like+Gecko)+Chrome/43.0.2357.130+Safari/537.36",
      "cs(Referer)": "http://localhost:9005/octopus.dev.html?octopus.server=http%3A%2F%2Flocalhost%3A80%2F",
      "sc_status": "404",
      "sc_substatus": "0",
      "sc_win32_status": "2",
      "time_taken": "2"
    },
    "Exception": null
  }
]