[
  {
    "Timestamp": "2017-03-28T03:49:55+00:00",
    "Level": "Information",
    "MessageTemplate": "{cs_method} {time_taken} {sc_status} {cs_uri_stem} {cs_username} {c_ip}",
    "Properties": {
      "date": "2017-03-28",
      "time": "03:49:55",
      "cs_method": "GET",
      "cs_uri_stem": "/api",
      "s_port": "8065",
      "cs_username": "-",
      "c_ip": "::1",
      "sc_status": "200",
      "time_taken": "513"
    },
    "Exception": null
  },
  {
    "Timestamp": "2017-03-28T03:49:55+00:00",
    "Level": "Information",
    "MessageTemplate": "{cs_method} {time_taken} {sc_status} {cs_uri_stem} {cs_username} {c_ip}",
    "Properties": {
      "date": "2017-03-28",
      "time": "03:49:55",
      "cs_method": "GET",
      "cs_uri_stem": "/api/users/me",
      "s_port": "8065",
      "cs_username": "-",
      "c_ip": "::1",
      "sc_status": "401",
      "time_taken": "103"
    },
    "Exception": null
  },
  {
    "Timestamp": "2017-03-28T03:49:56+00:00",
    "Level": "Information",
    "MessageTemplate": "{cs_method} {time_taken} {sc_status} {cs_uri_stem} {cs_username} {c_ip}",
    "Properties": {
      "date": "2017-03-28",
      "time": "03:49:56",
      "cs_method": "GET",
      "cs_uri_stem": "/api/featuresconfiguration",
      "s_port": "8065",
      "cs_username": "-",
      "c_ip": "::1",
      "sc_status": "401",
      "time_taken": "139"
    },
    "Exception": null
  },
  {
    "Timestamp": "2017-03-28T03:49:56+00:00",
    "Level": "Information",
    "MessageTemplate": "{cs_method} {time_taken} {sc_status} {cs_uri_stem} {cs_username} {c_ip}",
    "Properties": {
      "date": "2017-03-28",
      "time": "03:49:56",
      "cs_method": "GET",
      "cs_uri_stem": "/api/serverstatus",
      "s_port": "8065",
      "cs_username": "-",
      "c_ip": "::1",
      "sc_status": "401",
      "time_taken": "204"
    },
    "Exception": null
  },
  {
    "Timestamp": "2017-03-28T03:49:56+00:00",
    "Level": "Information",
    "MessageTemplate": "{cs_method} {time_taken} {sc_status} {cs_uri_stem} {cs_username} {c_ip}",
    "Properties": {
      "date": "2017-03-28",
      "time": "03:49:56",
      "cs_method": "GET",
      "cs_uri_stem": "/api/dashboard",
      "s_port": "8065",
      "cs_username": "-",
      "c_ip": "::1",
      "sc_status": "401",
      "time_taken": "199"
    },
    "Exception": null
  },
  {
    "Timestamp": "2017-03-28T03:49:57+00:00",
    "Level": "Information",
    "MessageTemplate": "{cs_method} {time_taken} {sc_status} {cs_uri_stem} {cs_username} {c_ip}",
    "Properties": {
      "date": "2017-03-28",
      "time": "03:49:57",
      "cs_method": "GET",
      "cs_uri_stem": "/api/serverstatus",
      "s_port": "8065",
      "cs_username": "-",
      "c_ip": "::1",
      "sc_status": "401",
      "time_taken": "86"
    },
    "Exception": null
  },
  {
    "Timestamp": "2017-03-28T03:50:04+00:00",
    "Level": "Information",
    "MessageTemplate": "{cs_method} {time_taken} {sc_status} {cs_uri_stem} {cs_username} {c_ip}",
    "Properties": {
      "date": "2017-03-28",
      "time": "03:50:04",
      "cs_method": "POST",
      "cs_uri_stem": "/api/users/login",
      "s_port": "8065",
      "cs_username": "-",
      "c_ip": "::1",
      "sc_status": "200",
      "time_taken": "384"
    },
    "Exception": null
  },
  {
    "Timestamp": "2017-03-28T03:50:04+00:00",
    "Level": "Information",
    "MessageTemplate": "{cs_method} {time_taken} {sc_status} {cs_uri_stem} {cs_username} {c_ip}",
    "Properties": {
      "date": "2017-03-28",
      "time": "03:50:04",
      "cs_method": "GET",
      "cs_uri_stem": "/api/users/Users-1/permissions",
      "s_port": "8065",
      "cs_username": "admin",
      "c_ip": "::1",
      "sc_status": "200",
      "time_taken": "364"
    },
    "Exception": null
  },
  {
    "Timestamp": "2017-03-28T03:50:05+00:00",
    "Level": "Information",
    "MessageTemplate": "{cs_method} {time_taken} {sc_status} {cs_uri_stem} {cs_username} {c_ip}",
    "Properties": {
      "date": "2017-03-28",
      "time": "03:50:05",
      "cs_method": "GET",
      "cs_uri_stem": "/api/featuresconfiguration",
      "s_port": "8065",
      "cs_username": "admin",
      "c_ip": "::1",
      "sc_status": "200",
      "time_taken": "136"
    },
    "Exception": null
  },
  {
    "Timestamp": "2017-03-28T03:50:05+00:00",
    "Level": "Information",
    "MessageTemplate": "{cs_method} {time_taken} {sc_status} {cs_uri_stem} {cs_username} {c_ip}",
    "Properties": {
      "date": "2017-03-28",
      "time": "03:50:05",
      "cs_method": "GET",
      "cs_uri_stem": "/api/dashboard",
      "s_port": "8065",
      "cs_username": "admin",
      "c_ip": "::1",
      "sc_status": "200",
      "time_taken": "553"
    },
    "Exception": null
  },
  {
    "Timestamp": "2017-03-28T03:50:06+00:00",
    "Level": "Information",
    "MessageTemplate": "{cs_method} {time_taken} {sc_status} {cs_uri_stem} {cs_username} {c_ip}",
    "Properties": {
      "date": "2017-03-28",
      "time": "03:50:06",
      "cs_method": "GET",
      "cs_uri_stem": "/api/projects/Projects-1/logo",
      "s_port": "8065",
      "cs_username": "admin",
      "c_ip": "::1",
      "sc_status": "304",
      "time_taken": "424"
    },
    "Exception": null
  },
  {
    "Timestamp": "2017-03-28T03:50:07+00:00",
    "Level": "Information",
    "MessageTemplate": "{cs_method} {time_taken} {sc_status} {cs_uri_stem} {cs_username} {c_ip}",
    "Properties": {
      "date": "2017-03-28",
      "time": "03:50:07",
      "cs_method": "GET",
      "cs_uri_stem": "/api/serverstatus",
      "s_port": "8065",
      "cs_username": "admin",
      "c_ip": "::1",
      "sc_status": "200",
      "time_taken": "42"
    },
    "Exception": null
  },
  {
    "Timestamp": "2017-03-28T03:50:08+00:00",
    "Level": "Information",
    "MessageTemplate": "{cs_method} {time_taken} {sc_status} {cs_uri_stem} {cs_username} {c_ip}",
    "Properties": {
      "date": "2017-03-28",
      "time": "03:50:08",
      "cs_method": "GET",
      "cs_uri_stem": "/api/featuresconfiguration",
      "s_port": "8065",
      "cs_username": "admin",
      "c_ip": "::1",
      "sc_status": "200",
      "time_taken": "39"
    },
    "Exception": null
  },
  {
    "Timestamp": "2017-03-28T03:50:08+00:00",
    "Level": "Information",
    "MessageTemplate": "{cs_method} {time_taken} {sc_status} {cs_uri_stem} {cs_username} {c_ip}",
    "Properties": {
      "date": "2017-03-28",
      "time": "03:50:08",
      "cs_method": "GET",
      "cs_uri_stem": "/api/repository/configuration",
      "s_port": "8065",
      "cs_username": "admin",
      "c_ip": "::1",
      "sc_status": "200",
      "time_taken": "48"
    },
    "Exception": null
  },
  {
    "Timestamp": "2017-03-28T03:50:08+00:00",
    "Level": "Information",
    "MessageTemplate": "{cs_method} {time_taken} {sc_status} {cs_uri_stem} {cs_username} {c_ip}",
    "Properties": {
      "date": "2017-03-28",
      "time": "03:50:08",
      "cs_method": "GET",
      "cs_uri_stem": "/api/serverstatus",
      "s_port": "8065",
      "cs_username": "admin",
      "c_ip": "::1",
      "sc_status": "200",
      "time_taken": "39"
    },
    "Exception": null
  },
  {
    "Timestamp": "2017-03-28T03:50:08+00:00",
    "Level": "Information",
    "MessageTemplate": "{cs_method} {time_taken} {sc_status} {cs_uri_stem} {cs_username} {c_ip}",
    "Properties": {
      "date": "2017-03-28",
      "time": "03:50:08",
      "cs_method": "GET",
      "cs_uri_stem": "/api/serverstatus/nuget",
      "s_port": "8065",
      "cs_username": "admin",
      "c_ip": "::1",
      "sc_status": "200",
      "time_taken": "293"
    },
    "Exception": null
  },
  {
    "Timestamp": "2017-03-28T03:50:08+00:00",
    "Level": "Information",
    "MessageTemplate": "{cs_method} {time_taken} {sc_status} {cs_uri_stem} {cs_username} {c_ip}",
    "Properties": {
      "date": "2017-03-28",
      "time": "03:50:08",
      "cs_method": "GET",
      "cs_uri_stem": "/api/packages",
      "s_port": "8065",
      "cs_username": "admin",
      "c_ip": "::1",
      "sc_status": "200",
      "time_taken": "534"
    },
    "Exception": null
  },
  {
    "Timestamp": "2017-03-28T03:50:10+00:00",
    "Level": "Information",
    "MessageTemplate": "{cs_method} {time_taken} {sc_status} {cs_uri_stem} {cs_username} {c_ip}",
    "Properties": {
      "date": "2017-03-28",
      "time": "03:50:10",
      "cs_method": "GET",
      "cs_uri_stem": "/api/tasks",
      "s_port": "8065",
      "cs_username": "admin",
      "c_ip": "::1",
      "sc_status": "200",
      "time_taken": "1327"
    },
    "Exception": null
  },
  {
    "Timestamp": "2017-03-28T03:50:10+00:00",
    "Level": "Information",
    "MessageTemplate": "{cs_method} {time_taken} {sc_status} {cs_uri_stem} {cs_username} {c_ip}",
    "Properties": {
      "date": "2017-03-28",
      "time": "03:50:10",
      "cs_method": "GET",
      "cs_uri_stem": "/api/machines/all",
      "s_port": "8065",
      "cs_username": "admin",
      "c_ip": "::1",
      "sc_status": "200",
      "time_taken": "318"
    },
    "Exception": null
  },
  {
    "Timestamp": "2017-03-28T03:50:10+00:00",
    "Level": "Information",
    "MessageTemplate": "{cs_method} {time_taken} {sc_status} {cs_uri_stem} {cs_username} {c_ip}",
    "Properties": {
      "date": "2017-03-28",
      "time": "03:50:10",
      "cs_method": "GET",
      "cs_uri_stem": "/api/environments/all",
      "s_port": "8065",
      "cs_username": "admin",
      "c_ip": "::1",
      "sc_status": "200",
      "time_taken": "49"
    },
    "Exception": null
  },
  {
    "Timestamp": "2017-03-28T03:50:17+00:00",
    "Level": "Information",
    "MessageTemplate": "{cs_method} {time_taken} {sc_status} {cs_uri_stem} {cs_username} {c_ip}",
    "Properties": {
      "date": "2017-03-28",
      "time": "03:50:17",
      "cs_method": "GET",
      "cs_uri_stem": "/api/serverstatus",
      "s_port": "8065",
      "cs_username": "admin",
      "c_ip": "::1",
      "sc_status": "200",
      "time_taken": "25"
    },
    "Exception": null
  },
  {
    "Timestamp": "2017-03-28T13:50:31+00:00",
    "Level": "Information",
    "MessageTemplate": "{cs_method} {time_taken} {sc_status} {cs_uri_stem} {cs_username} {c_ip}",
    "Properties": {
      "date": "2017-03-28",
      "time": "13:50:31",
      "cs_method": "GET",
      "cs_uri_stem": "/api/serverstatus",
      "s_port": "8065",
      "cs_username": "admin",
      "c_ip": "::1",
      "sc_status": "200",
      "time_taken": "2915"
    },
    "Exception": null
  },
  {
    "Timestamp": "2017-03-28T13:50:42+00:00",
    "Level": "Information",
    "MessageTemplate": "{cs_method} {time_taken} {sc_status} {cs_uri_stem} {cs_username} {c_ip}",
    "Properties": {
      "date": "2017-03-28",
      "time": "13:50:42",
      "cs_method": "GET",
      "cs_uri_stem": "/api/serverstatus",
      "s_port": "8065",
      "cs_username": "admin",
      "c_ip": "::1",
      "sc_status": "200",
      "time_taken": "515"
    },
    "Exception": null
  },
  {
    "Timestamp": "2017-03-28T13:50:52+00:00",
    "Level": "Information",
    "MessageTemplate": "{cs_method} {time_taken} {sc_status} {cs_uri_stem} {cs_username} {c_ip}",
    "Properties": {
      "date": "2017-03-28",
      "time": "13:50:52",
      "cs_method": "GET",
      "cs_uri_stem": "/api/serverstatus",
      "s_port": "8065",
      "cs_username": "admin",
      "c_ip": "::1",
      "sc_status": "200",
      "time_taken": "21"
    },
    "Exception": null
  },
  {
    "Timestamp": "2017-03-28T13:50:57+00:00",
    "Level": "Information",
    "MessageTemplate": "{cs_method} {time_taken} {sc_status} {cs_uri_stem} {cs_username} {c_ip}",
    "Properties": {
      "date": "2017-03-28",
      "time": "13:50:57",
      "cs_method": "GET",
      "cs_uri_stem": "/api/dashboard",
      "s_port": "8065",
      "cs_username": "admin",
      "c_ip": "::1",
      "sc_status": "200",
      "time_taken": "33"
    },
    "Exception": null
  },
  {
    "Timestamp": "2017-03-28T13:51:02+00:00",
    "Level": "Information",
    "MessageTemplate": "{cs_method} {time_taken} {sc_status} {cs_uri_stem} {cs_username} {c_ip}",
    "Properties": {
      "date": "2017-03-28",
      "time": "13:51:02",
      "cs_method": "GET",
      "cs_uri_stem": "/api/serverstatus",
      "s_port": "8065",
      "cs_username": "admin",
      "c_ip": "::1",
      "sc_status": "200",
      "time_taken": "21"
    },
    "Exception": null
  },
  {
    "Timestamp": "2017-03-28T13:51:12+00:00",
    "Level": "Information",
    "MessageTemplate": "{cs_method} {time_taken} {sc_status} {cs_uri_stem} {cs_username} {c_ip}",
    "Properties": {
      "date": "2017-03-28",
      "time": "13:51:12",
      "cs_method": "GET",
      "cs_uri_stem": "/api/serverstatus",
      "s_port": "8065",
      "cs_username": "admin",
      "c_ip": "::1",
      "sc_status": "200",
      "time_taken": "21"
    },
    "Exception": null
  },
  {
    "Timestamp": "2017-03-28T03:51:22+00:00",
    "Level": "Information",
    "MessageTemplate": "{cs_method} {time_taken} {sc_status} {cs_uri_stem} {cs_username} {c_ip}",
    "Properties": {
      "date": "2017-03-28",
      "time": "03:51:22",
      "cs_method": "GET",
      "cs_uri_stem": "/api/serverstatus",
      "s_port": "8065",
      "cs_username": "admin",
      "c_ip": "::1",
      "sc_status": "200",
      "time_taken": "23"
    },
    "Exception": null
  }
]